black....................................................................[42mPassed[m
Check for added large files..............................................[42mPassed[m
Check Toml...............................................................[42mPassed[m
Check Yaml...............................................................[42mPassed[m
Fix End of Files.........................................................[42mPassed[m
flake8...................................................................[41mFailed[m
[2m- hook id: flake8[m
[2m- exit code: 1[m

src/scannls/__init__.py:1:1: D104 Missing docstring in public package
src/scannls/classes.py:1:1: D100 Missing docstring in public module
src/scannls/classes.py:6:1: F401 'typing.Iterable' imported but unused
src/scannls/classes.py:8:1: F401 'pyfaidx.Fasta' imported but unused
src/scannls/classes.py:12:1: D205 1 blank line required between summary line and description
src/scannls/classes.py:12:1: D415 First line should end with a period, question mark, or exclamation point
src/scannls/classes.py:15:112: B950 line too long (111 > 80 characters)
src/scannls/classes.py:24:140: B950 line too long (139 > 80 characters)
src/scannls/classes.py:29:1: D107 Missing docstring in __init__
src/scannls/classes.py:36:1: D415 First line should end with a period, question mark, or exclamation point
src/scannls/classes.py:36:1: D403 First word of the first line should be properly capitalized
src/scannls/classes.py:41:1: D415 First line should end with a period, question mark, or exclamation point
src/scannls/classes.py:41:1: D403 First word of the first line should be properly capitalized
src/scannls/classes.py:44:1: D105 Missing docstring in magic method
src/scannls/classes.py:47:1: D105 Missing docstring in magic method
src/scannls/classes.py:50:1: D105 Missing docstring in magic method
src/scannls/classes.py:53:1: D105 Missing docstring in magic method
src/scannls/classes.py:56:1: D105 Missing docstring in magic method
src/scannls/classes.py:61:1: D205 1 blank line required between summary line and description
src/scannls/classes.py:61:1: D415 First line should end with a period, question mark, or exclamation point
src/scannls/classes.py:61:1: RST219 Inline substitution_reference start-string without end-string.
src/scannls/classes.py:61:1: RST219 Inline substitution_reference start-string without end-string.
src/scannls/classes.py:88:135: B950 line too long (134 > 80 characters)
src/scannls/classes.py:90:156: B950 line too long (155 > 80 characters)
src/scannls/classes.py:115:1: D107 Missing docstring in __init__
src/scannls/classes.py:150:1: D105 Missing docstring in magic method
src/scannls/classes.py:163:1: D105 Missing docstring in magic method
src/scannls/classes.py:173:1: D105 Missing docstring in magic method
src/scannls/classes.py:184:1: D105 Missing docstring in magic method
src/scannls/classes.py:185:111: B950 line too long (110 > 80 characters)
src/scannls/classes.py:187:1: D105 Missing docstring in magic method
src/scannls/classes.py:204:1: D102 Missing docstring in public method
src/scannls/classes.py:265:1: D102 Missing docstring in public method
src/scannls/classes.py:270:1: D415 First line should end with a period, question mark, or exclamation point
src/scannls/classes.py:274:1: D102 Missing docstring in public method
src/scannls/classes.py:279:1: D415 First line should end with a period, question mark, or exclamation point
src/scannls/classes.py:279:1: D403 First word of the first line should be properly capitalized
src/scannls/classes.py:282:5: C901 'Read.splice_site_checker' is too complex (12)
src/scannls/classes.py:283:1: D205 1 blank line required between summary line and description
src/scannls/classes.py:283:1: D415 First line should end with a period, question mark, or exclamation point
src/scannls/classes.py:283:1: D403 First word of the first line should be properly capitalized
src/scannls/classes.py:283:140: B950 line too long (139 > 80 characters)
src/scannls/classes.py:285:120: B950 line too long (119 > 80 characters)
src/scannls/classes.py:339:1: D101 Missing docstring in public class
src/scannls/classes.py:340:1: D102 Missing docstring in public method
noxfile.py:19:5: B904 Within an `except` clause, raise exceptions with `raise ... from err` or `raise ... from None` to distinguish them from errors in exception handling.  See https://docs.python.org/3/tutorial/errors.html#exception-chaining for details.
src/scannls/externals.py:1:1: D100 Missing docstring in public module
src/scannls/externals.py:3:1: F401 'argparse' imported but unused
src/scannls/externals.py:4:1: F401 'copy' imported but unused
src/scannls/externals.py:5:1: F401 'glob' imported but unused
src/scannls/externals.py:6:1: F401 'logging' imported but unused
src/scannls/externals.py:7:1: F401 'math' imported but unused
src/scannls/externals.py:11:1: S404 Consider possible security implications associated with subprocess module.
src/scannls/externals.py:14:1: F401 'collections.defaultdict' imported but unused
src/scannls/externals.py:15:1: F401 'collections.OrderedDict' imported but unused
src/scannls/externals.py:16:1: F401 'typing.Iterable' imported but unused
src/scannls/externals.py:21:1: F401 '.__version__' imported but unused
src/scannls/externals.py:24:5: F401 'pysam' imported but unused
src/scannls/externals.py:25:1: E722 do not use bare 'except'
src/scannls/externals.py:25:1: B001 Do not use bare `except:`, it also catches unexpected events like memory errors, interrupts, system exit, and so on.  Prefer `except Exception:`.  If you're sure what you're doing, be explicit and write `except BaseException:`.
src/scannls/externals.py:28:5: F401 'numpy as np' imported but unused
src/scannls/externals.py:29:1: E722 do not use bare 'except'
src/scannls/externals.py:29:1: B001 Do not use bare `except:`, it also catches unexpected events like memory errors, interrupts, system exit, and so on.  Prefer `except Exception:`.  If you're sure what you're doing, be explicit and write `except BaseException:`.
src/scannls/externals.py:32:5: F401 'HTSeq' imported but unused
src/scannls/externals.py:33:1: E722 do not use bare 'except'
src/scannls/externals.py:33:1: B001 Do not use bare `except:`, it also catches unexpected events like memory errors, interrupts, system exit, and so on.  Prefer `except Exception:`.  If you're sure what you're doing, be explicit and write `except BaseException:`.
src/scannls/externals.py:37:6: N802 function name 'checkIfProcessRunning' should be lowercase
src/scannls/externals.py:37:28: N803 argument name 'processName' should be lowercase
src/scannls/externals.py:38:1: D200 One-line docstring should fit on one line with quotes
src/scannls/externals.py:38:1: D212 Multi-line docstring summary should start at the first line
src/scannls/externals.py:52:1: S108 Probable insecure usage of temp file/directory.
src/scannls/externals.py:52:6: N802 function name 'start_gfServer' should be lowercase
src/scannls/externals.py:53:1: D415 First line should end with a period, question mark, or exclamation point
src/scannls/externals.py:53:1: D403 First word of the first line should be properly capitalized
src/scannls/externals.py:53:94: B950 line too long (93 > 80 characters)
src/scannls/externals.py:74:107: B950 line too long (106 > 80 characters)
src/scannls/externals.py:79:1: S602 subprocess call with shell=True identified, security issue.
src/scannls/externals.py:95:17: F821 undefined name 'remove'
src/scannls/externals.py:108:1: D103 Missing docstring in public function
src/scannls/externals.py:108:1: S108 Probable insecure usage of temp file/directory.
src/scannls/externals.py:108:6: N802 function name 'stop_gfServer' should be lowercase
src/scannls/externals.py:113:1: S602 subprocess call with shell=True identified, security issue.
src/scannls/externals.py:119:5: F821 undefined name 'remove_files'
src/scannls/externals.py:122:1: D103 Missing docstring in public function
src/scannls/externals.py:122:1: S108 Probable insecure usage of temp file/directory.
src/scannls/externals.py:122:6: N802 function name 'gfClient_query' should be lowercase
src/scannls/externals.py:140:9: F841 local variable 'base_2bit' is assigned to but never used
src/scannls/externals.py:146:9: F841 local variable 'log_dir' is assigned to but never used
src/scannls/externals.py:151:95: B950 line too long (94 > 80 characters)
src/scannls/externals.py:156:1: S602 subprocess call with shell=True identified, security issue.
src/scannls/externals.py:156:9: F841 local variable 'ret' is assigned to but never used
src/scannls/externals.py:167:5: F821 undefined name 'remove'
src/scannls/externals.py:172:1: C901 'psl2sam' is too complex (12)
src/scannls/externals.py:173:1: D202 No blank lines allowed after function docstring
src/scannls/externals.py:173:1: D415 First line should end with a period, question mark, or exclamation point
src/scannls/externals.py:173:123: B950 line too long (122 > 80 characters)
src/scannls/externals.py:238:1: D205 1 blank line required between summary line and description
src/scannls/externals.py:238:1: D212 Multi-line docstring summary should start at the first line
src/scannls/externals.py:238:1: D415 First line should end with a period, question mark, or exclamation point
src/scannls/externals.py:266:1: D200 One-line docstring should fit on one line with quotes
src/scannls/externals.py:266:1: D212 Multi-line docstring summary should start at the first line
src/scannls/externals.py:266:1: D415 First line should end with a period, question mark, or exclamation point
src/scannls/externals.py:284:6: N802 function name 'softclipped_seq2SA_tag' should be lowercase
src/scannls/externals.py:293:1: S108 Probable insecure usage of temp file/directory.
src/scannls/externals.py:296:1: D212 Multi-line docstring summary should start at the first line
src/scannls/externals.py:296:1: D415 First line should end with a period, question mark, or exclamation point
src/scannls/externals.py:296:1: D403 First word of the first line should be properly capitalized
src/scannls/externals.py:302:90: B950 line too long (89 > 80 characters)
src/scannls/externals.py:315:9: F821 undefined name 'remove'
src/scannls/externals.py:358:1: D415 First line should end with a period, question mark, or exclamation point
src/scannls/externals.py:358:1: D403 First word of the first line should be properly capitalized
src/scannls/externals.py:366:1: S603 subprocess call - check for execution of untrusted input.
src/scannls/externals.py:378:1: D103 Missing docstring in public function
src/scannls/NLSISO.py:1:1: D100 Missing docstring in public module
src/scannls/NLSISO.py:9:1: F401 'pandas as pd' imported but unused
src/scannls/NLSISO.py:10:1: F401 'numpy as np' imported but unused
src/scannls/NLSISO.py:11:1: F401 'glob' imported but unused
src/scannls/NLSISO.py:14:1: F401 'tempfile' imported but unused
src/scannls/NLSISO.py:15:1: S404 Consider possible security implications associated with subprocess module.
src/scannls/NLSISO.py:24:94: B950 line too long (93 > 80 characters)
src/scannls/NLSISO.py:25:1: F401 'Bio.Application.ApplicationError' imported but unused
src/scannls/NLSISO.py:29:1: F401 'io.StringIO' imported but unused
src/scannls/NLSISO.py:29:1: F401 'io.BytesIO' imported but unused
src/scannls/NLSISO.py:30:1: F401 'random' imported but unused
src/scannls/NLSISO.py:36:1: D103 Missing docstring in public function
src/scannls/NLSISO.py:41:1: D103 Missing docstring in public function
src/scannls/NLSISO.py:49:1: D200 One-line docstring should fit on one line with quotes
src/scannls/NLSISO.py:49:1: D212 Multi-line docstring summary should start at the first line
src/scannls/NLSISO.py:49:1: D415 First line should end with a period, question mark, or exclamation point
src/scannls/NLSISO.py:49:1: D403 First word of the first line should be properly capitalized
src/scannls/NLSISO.py:56:1: C901 'mismatch_filter' is too complex (13)
src/scannls/NLSISO.py:56:1: D103 Missing docstring in public function
src/scannls/NLSISO.py:102:1: D205 1 blank line required between summary line and description
src/scannls/NLSISO.py:102:1: D415 First line should end with a period, question mark, or exclamation point
src/scannls/NLSISO.py:114:191: B950 line too long (190 > 80 characters)
src/scannls/NLSISO.py:158:1: D200 One-line docstring should fit on one line with quotes
src/scannls/NLSISO.py:158:1: D212 Multi-line docstring summary should start at the first line
src/scannls/NLSISO.py:158:1: D415 First line should end with a period, question mark, or exclamation point
src/scannls/NLSISO.py:159:191: B950 line too long (190 > 80 characters)
src/scannls/NLSISO.py:185:1: D205 1 blank line required between summary line and description
src/scannls/NLSISO.py:185:1: D212 Multi-line docstring summary should start at the first line
src/scannls/NLSISO.py:185:1: D415 First line should end with a period, question mark, or exclamation point
src/scannls/NLSISO.py:213:1: D205 1 blank line required between summary line and description
src/scannls/NLSISO.py:213:1: D212 Multi-line docstring summary should start at the first line
src/scannls/NLSISO.py:213:1: D415 First line should end with a period, question mark, or exclamation point
src/scannls/NLSISO.py:225:1: D205 1 blank line required between summary line and description
src/scannls/NLSISO.py:225:1: D415 First line should end with a period, question mark, or exclamation point
src/scannls/NLSISO.py:226:110: B950 line too long (109 > 80 characters)
src/scannls/NLSISO.py:247:1: D200 One-line docstring should fit on one line with quotes
src/scannls/NLSISO.py:247:1: D212 Multi-line docstring summary should start at the first line
src/scannls/NLSISO.py:247:1: D415 First line should end with a period, question mark, or exclamation point
src/scannls/NLSISO.py:260:1: D200 One-line docstring should fit on one line with quotes
src/scannls/NLSISO.py:260:1: D212 Multi-line docstring summary should start at the first line
src/scannls/NLSISO.py:260:1: D415 First line should end with a period, question mark, or exclamation point
src/scannls/NLSISO.py:283:1: D103 Missing docstring in public function
src/scannls/NLSISO.py:320:1: D200 One-line docstring should fit on one line with quotes
src/scannls/NLSISO.py:320:1: D212 Multi-line docstring summary should start at the first line
src/scannls/NLSISO.py:320:1: D415 First line should end with a period, question mark, or exclamation point
src/scannls/NLSISO.py:338:1: D103 Missing docstring in public function
src/scannls/NLSISO.py:346:1: D103 Missing docstring in public function
src/scannls/NLSISO.py:355:6: N802 function name 'candidates_dict_to_GTF_contents' should be lowercase
src/scannls/NLSISO.py:357:1: DAR101 Missing parameter(s) in Docstring: - bp_pos1
src/scannls/NLSISO.py:357:1: DAR101 Missing parameter(s) in Docstring: - bp_pos2
src/scannls/NLSISO.py:357:1: DAR101 Missing parameter(s) in Docstring: - candidates_gtf_count_dict
src/scannls/NLSISO.py:357:1: DAR101 Missing parameter(s) in Docstring: - event_type
src/scannls/NLSISO.py:357:1: DAR101 Missing parameter(s) in Docstring: - gene_id
src/scannls/NLSISO.py:357:1: DAR101 Missing parameter(s) in Docstring: - genome_fasta
src/scannls/NLSISO.py:357:1: DAR201 Missing "Returns" in Docstring: - return
src/scannls/NLSISO.py:358:1: D103 Missing docstring in public function
src/scannls/NLSISO.py:372:275: B950 line too long (274 > 80 characters)
src/scannls/NLSISO.py:376:204: B950 line too long (203 > 80 characters)
src/scannls/NLSISO.py:380:285: B950 line too long (284 > 80 characters)
src/scannls/NLSISO.py:384:206: B950 line too long (205 > 80 characters)
src/scannls/NLSISO.py:388:105: B950 line too long (104 > 80 characters)
src/scannls/NLSISO.py:397:1: D103 Missing docstring in public function
src/scannls/NLSISO.py:397:6: N802 function name 'exon_positions_to_GTF_content' should be lowercase
src/scannls/NLSISO.py:398:122: B950 line too long (121 > 80 characters)
src/scannls/NLSISO.py:399:118: B950 line too long (117 > 80 characters)
src/scannls/NLSISO.py:415:205: B950 line too long (204 > 80 characters)
src/scannls/NLSISO.py:419:170: B950 line too long (169 > 80 characters)
src/scannls/NLSISO.py:423:213: B950 line too long (212 > 80 characters)
src/scannls/NLSISO.py:427:170: B950 line too long (169 > 80 characters)
src/scannls/NLSISO.py:434:1: D103 Missing docstring in public function
src/scannls/NLSISO.py:439:1: D415 First line should end with a period, question mark, or exclamation point
src/scannls/NLSISO.py:454:1: D205 1 blank line required between summary line and description
src/scannls/NLSISO.py:454:1: D415 First line should end with a period, question mark, or exclamation point
src/scannls/NLSISO.py:477:1: C901 'update_cigar' is too complex (19)
src/scannls/NLSISO.py:480:1: D205 1 blank line required between summary line and description
src/scannls/NLSISO.py:480:1: D415 First line should end with a period, question mark, or exclamation point
src/scannls/NLSISO.py:480:1: D403 First word of the first line should be properly capitalized
src/scannls/NLSISO.py:487:91: B950 line too long (90 > 80 characters)
src/scannls/NLSISO.py:539:21: F841 local variable 'tgt_motif' is assigned to but never used
src/scannls/NLSISO.py:586:1: D205 1 blank line required between summary line and description
src/scannls/NLSISO.py:586:1: D415 First line should end with a period, question mark, or exclamation point
src/scannls/NLSISO.py:593:5: F841 local variable 'target_seq' is assigned to but never used
src/scannls/NLSISO.py:594:5: F841 local variable 'search_seq_len' is assigned to but never used
src/scannls/NLSISO.py:596:19: F841 local variable 'search_end' is assigned to but never used
src/scannls/NLSISO.py:601:6: N806 variable 'shift_len_L' in function should be lowercase
src/scannls/NLSISO.py:602:6: N806 variable 'shift_len_R' in function should be lowercase
src/scannls/NLSISO.py:612:10: N806 variable 'shift_len_L' in function should be lowercase
src/scannls/NLSISO.py:613:10: N806 variable 'shift_len_R' in function should be lowercase
src/scannls/NLSISO.py:617:1: C901 'correct_breakpoint' is too complex (19)
src/scannls/NLSISO.py:620:1: D202 No blank lines allowed after function docstring
src/scannls/NLSISO.py:620:1: D205 1 blank line required between summary line and description
src/scannls/NLSISO.py:620:1: D415 First line should end with a period, question mark, or exclamation point
src/scannls/NLSISO.py:620:1: D403 First word of the first line should be properly capitalized
src/scannls/NLSISO.py:624:6: N806 variable 'SOFT_LEN' in function should be lowercase
src/scannls/NLSISO.py:627:91: B950 line too long (90 > 80 characters)
src/scannls/NLSISO.py:643:5: E266 too many leading '#' for block comment
src/scannls/NLSISO.py:670:9: E266 too many leading '#' for block comment
src/scannls/NLSISO.py:672:13: E266 too many leading '#' for block comment
src/scannls/NLSISO.py:679:13: E266 too many leading '#' for block comment
src/scannls/NLSISO.py:679:93: B950 line too long (92 > 80 characters)
src/scannls/NLSISO.py:683:13: E266 too many leading '#' for block comment
src/scannls/NLSISO.py:683:90: B950 line too long (89 > 80 characters)
src/scannls/NLSISO.py:688:13: E266 too many leading '#' for block comment
src/scannls/NLSISO.py:689:13: E266 too many leading '#' for block comment
src/scannls/NLSISO.py:690:14: N806 variable '__shift_len_L' in function should be lowercase
src/scannls/NLSISO.py:690:14: N806 variable '__shift_len_R' in function should be lowercase
src/scannls/NLSISO.py:693:13: E266 too many leading '#' for block comment
src/scannls/NLSISO.py:698:13: E266 too many leading '#' for block comment
src/scannls/NLSISO.py:747:14: N806 variable '__shift_len_L' in function should be lowercase
src/scannls/NLSISO.py:747:14: N806 variable '__shift_len_R' in function should be lowercase
src/scannls/NLSISO.py:765:1: D103 Missing docstring in public function
src/scannls/NLSISO.py:775:1: C901 'obtain_upstream_breakpoint_seq' is too complex (13)
src/scannls/NLSISO.py:778:1: D200 One-line docstring should fit on one line with quotes
src/scannls/NLSISO.py:778:1: D212 Multi-line docstring summary should start at the first line
src/scannls/NLSISO.py:778:1: D415 First line should end with a period, question mark, or exclamation point
src/scannls/NLSISO.py:778:1: D403 First word of the first line should be properly capitalized
src/scannls/NLSISO.py:804:1: C901 'refine_upstream_downstream_breakpoint' is too complex (14)
src/scannls/NLSISO.py:806:1: DAR101 Missing parameter(s) in Docstring: - chr1
src/scannls/NLSISO.py:806:1: DAR101 Missing parameter(s) in Docstring: - chr2
src/scannls/NLSISO.py:806:1: DAR101 Missing parameter(s) in Docstring: - in_down_dict
src/scannls/NLSISO.py:806:1: DAR101 Missing parameter(s) in Docstring: - in_up_dict
src/scannls/NLSISO.py:806:1: DAR101 Missing parameter(s) in Docstring: - mode1
src/scannls/NLSISO.py:806:1: DAR101 Missing parameter(s) in Docstring: - mode2
src/scannls/NLSISO.py:806:1: DAR101 Missing parameter(s) in Docstring: - pos1
src/scannls/NLSISO.py:806:1: DAR101 Missing parameter(s) in Docstring: - pos2
src/scannls/NLSISO.py:806:1: DAR101 Missing parameter(s) in Docstring: - strand1
src/scannls/NLSISO.py:806:1: DAR101 Missing parameter(s) in Docstring: - strand2
src/scannls/NLSISO.py:807:1: D103 Missing docstring in public function
src/scannls/NLSISO.py:853:13: F841 local variable 'up_chrm' is assigned to but never used
src/scannls/NLSISO.py:854:13: F841 local variable 'up_pos' is assigned to but never used
src/scannls/NLSISO.py:855:13: F841 local variable 'down_chrm' is assigned to but never used
src/scannls/NLSISO.py:856:13: F841 local variable 'down_pos' is assigned to but never used
src/scannls/NLSISO.py:858:5: F841 local variable 'down_strand' is assigned to but never used
src/scannls/NLSISO.py:867:1: C901 'vcf_construction' is too complex (58)
src/scannls/NLSISO.py:867:1: D103 Missing docstring in public function
src/scannls/NLSISO.py:872:12: F821 undefined name 'FastaNotFoundError'
src/scannls/NLSISO.py:878:5: F841 local variable 'isoform_dict' is assigned to but never used
src/scannls/NLSISO.py:879:5: F841 local variable 'position_dict' is assigned to but never used
src/scannls/NLSISO.py:888:9: F841 local variable 'sv_len' is assigned to but never used
src/scannls/NLSISO.py:903:10: N806 variable 'GTF_candidates' in function should be lowercase
src/scannls/NLSISO.py:1020:118: B950 line too long (117 > 80 characters)
src/scannls/NLSISO.py:1123:13: F841 local variable 'dp' is assigned to but never used
src/scannls/NLSISO.py:1125:13: F841 local variable 'sv_soft_segments' is assigned to but never used
src/scannls/NLSISO.py:1126:13: F841 local variable 'soft_segments' is assigned to but never used
src/scannls/NLSISO.py:1226:97: B950 line too long (96 > 80 characters)
src/scannls/NLSISO.py:1318:9: E266 too many leading '#' for block comment
src/scannls/NLSISO.py:1322:9: E266 too many leading '#' for block comment
src/scannls/NLSISO.py:1326:9: E266 too many leading '#' for block comment
src/scannls/NLSISO.py:1333:93: B950 line too long (92 > 80 characters)
src/scannls/NLSISO.py:1341:165: B950 line too long (164 > 80 characters)
src/scannls/NLSISO.py:1366:1: D103 Missing docstring in public function
src/scannls/NLSISO.py:1394:1: D103 Missing docstring in public function
src/scannls/NLSISO.py:1405:1: D103 Missing docstring in public function
src/scannls/NLSISO.py:1405:1: DAR101 Missing parameter(s) in Docstring: - a
src/scannls/NLSISO.py:1405:1: DAR101 Missing parameter(s) in Docstring: - b
src/scannls/NLSISO.py:1405:1: DAR201 Missing "Returns" in Docstring: - return
src/scannls/NLSISO.py:1423:1: D103 Missing docstring in public function
src/scannls/NLSISO.py:1440:1: D205 1 blank line required between summary line and description
src/scannls/NLSISO.py:1440:1: D415 First line should end with a period, question mark, or exclamation point
src/scannls/NLSISO.py:1448:9: F841 local variable 'merged_list' is assigned to but never used
src/scannls/NLSISO.py:1462:6: N802 function name 'candidates_GTF_clustering' should be lowercase
src/scannls/NLSISO.py:1463:1: D205 1 blank line required between summary line and description
src/scannls/NLSISO.py:1463:1: D415 First line should end with a period, question mark, or exclamation point
src/scannls/NLSISO.py:1500:1: D103 Missing docstring in public function
src/scannls/NLSISO.py:1524:1: D103 Missing docstring in public function
src/scannls/NLSISO.py:1558:1: C901 'dumb_consensus' is too complex (19)
src/scannls/NLSISO.py:1559:1: D205 1 blank line required between summary line and description
src/scannls/NLSISO.py:1559:1: D411 Missing blank line before section
src/scannls/NLSISO.py:1559:1: D414 Section has no content
src/scannls/NLSISO.py:1559:1: D417 Missing argument descriptions in the docstring
src/scannls/NLSISO.py:1592:6: N806 variable 'first_N' in function should be lowercase
src/scannls/NLSISO.py:1598:6: N806 variable 'last_N' in function should be lowercase
src/scannls/NLSISO.py:1626:1: D103 Missing docstring in public function
src/scannls/NLSISO.py:1640:1: D103 Missing docstring in public function
src/scannls/NLSISO.py:1640:6: N802 function name 'MSA_to_consensus' should be lowercase
src/scannls/NLSISO.py:1642:17: F821 undefined name 'MuscleCommandline'
src/scannls/NLSISO.py:1650:1: S602 subprocess call with shell=True identified, security issue.
src/scannls/NLSISO.py:1655:12: F821 undefined name 'CalledProcessError'
src/scannls/NLSISO.py:1668:1: D103 Missing docstring in public function
src/scannls/NLSISO.py:1681:1: D103 Missing docstring in public function
src/scannls/NLSISO.py:1686:12: F821 undefined name 'FastaNotFoundError'
src/scannls/NLSISO.py:1697:9: F841 local variable '_bp1' is assigned to but never used
src/scannls/NLSISO.py:1698:9: F841 local variable '_bp2' is assigned to but never used
src/scannls/NLSISO.py:1699:9: F841 local variable 'sv_len' is assigned to but never used
src/scannls/NLSISO.py:1716:9: F841 local variable 'is_can' is assigned to but never used
src/scannls/NLSISO.py:1723:52: F821 undefined name 'transcript_contruction'
src/scannls/NLSISO.py:1742:52: F821 undefined name 'transcript_contruction'
src/scannls/NLSISO.py:1773:13: E265 block comment should start with '# '
src/scannls/NLSISO.py:1776:21: F821 undefined name 'gtf_file'
src/scannls/NLSISO.py:1779:5: F821 undefined name 'gtf_file'
src/scannls/NLSISO.py:1785:6: N802 function name 'GTF_reader' should be lowercase
src/scannls/NLSISO.py:1786:1: D415 First line should end with a period, question mark, or exclamation point
src/scannls/NLSISO.py:1786:1: D403 First word of the first line should be properly capitalized
src/scannls/NLSISO.py:1789:5: F841 local variable 'gene_positions' is assigned to but never used
src/scannls/NLSISO.py:1790:5: F841 local variable 'gene_positions_dict' is assigned to but never used
src/scannls/NLSISO.py:1791:5: F841 local variable 'available_chroms' is assigned to but never used
src/scannls/NLSISO.py:1795:9: F841 local variable 'gene_name' is assigned to but never used
src/scannls/NLSISO.py:1796:9: F841 local variable 'gene_id' is assigned to but never used
src/scannls/NLSISO.py:1806:10: N806 variable 'tmpList' in function should be lowercase
src/scannls/NLSISO.py:1814:1: C901 'update_gtf' is too complex (16)
src/scannls/NLSISO.py:1815:1: D205 1 blank line required between summary line and description
src/scannls/NLSISO.py:1815:1: D212 Multi-line docstring summary should start at the first line
src/scannls/NLSISO.py:1815:1: D415 First line should end with a period, question mark, or exclamation point
src/scannls/NLSISO.py:1829:12: F821 undefined name 'FastaNotFoundError'
src/scannls/NLSISO.py:1863:190: B950 line too long (189 > 80 characters)
src/scannls/NLSISO.py:1867:179: B950 line too long (178 > 80 characters)
src/scannls/NLSISO.py:1873:200: B950 line too long (199 > 80 characters)
src/scannls/NLSISO.py:1877:181: B950 line too long (180 > 80 characters)
src/scannls/NLSISO.py:1928:1: D205 1 blank line required between summary line and description
src/scannls/NLSISO.py:1928:1: D212 Multi-line docstring summary should start at the first line
src/scannls/NLSISO.py:1928:1: D415 First line should end with a period, question mark, or exclamation point
src/scannls/NLSISO.py:1968:1: D103 Missing docstring in public function
src/scannls/NLSISO.py:1968:1: DAR101 Missing parameter(s) in Docstring: - in_str
src/scannls/NLSISO.py:1968:1: DAR201 Missing "Returns" in Docstring: - return
src/scannls/NLSISO.py:2010:107: B950 line too long (106 > 80 characters)
src/scannls/NLSISO.py:2018:90: B950 line too long (89 > 80 characters)
src/scannls/NLSISO.py:2021:118: B950 line too long (117 > 80 characters)
src/scannls/NLSISO.py:2022:124: B950 line too long (123 > 80 characters)
src/scannls/NLSISO.py:2023:124: B950 line too long (123 > 80 characters)
src/scannls/NLSISO.py:2024:129: B950 line too long (128 > 80 characters)
src/scannls/NLSISO.py:2025:162: B950 line too long (161 > 80 characters)
src/scannls/call.py:1:1: D100 Missing docstring in public module
src/scannls/call.py:3:1: F401 'argparse' imported but unused
src/scannls/call.py:4:1: F401 'copy' imported but unused
src/scannls/call.py:5:1: F401 'glob' imported but unused
src/scannls/call.py:6:1: F401 'logging' imported but unused
src/scannls/call.py:7:1: F401 'math' imported but unused
src/scannls/call.py:8:1: F401 'os' imported but unused
src/scannls/call.py:9:1: F401 'random' imported but unused
src/scannls/call.py:10:1: F401 're' imported but unused
src/scannls/call.py:11:1: F401 'subprocess' imported but unused
src/scannls/call.py:11:1: S404 Consider possible security implications associated with subprocess module.
src/scannls/call.py:13:1: F401 'time' imported but unused
src/scannls/call.py:16:1: F401 'typing.Iterable' imported but unused
src/scannls/call.py:18:1: F401 'psutil' imported but unused
src/scannls/call.py:19:1: F401 'align.aligner' imported but unused
src/scannls/call.py:20:1: F401 'Bio.SearchIO' imported but unused
src/scannls/call.py:21:1: F401 'Bio.Seq.Seq' imported but unused
src/scannls/call.py:22:1: F401 'pyfaidx.Fasta' imported but unused
src/scannls/call.py:24:1: F401 '.__version__' imported but unused
src/scannls/call.py:25:1: F401 '.classes.Path' imported but unused
src/scannls/call.py:30:1: E722 do not use bare 'except'
src/scannls/call.py:30:1: B001 Do not use bare `except:`, it also catches unexpected events like memory errors, interrupts, system exit, and so on.  Prefer `except Exception:`.  If you're sure what you're doing, be explicit and write `except BaseException:`.
src/scannls/call.py:33:5: F401 'numpy as np' imported but unused
src/scannls/call.py:34:1: E722 do not use bare 'except'
src/scannls/call.py:34:1: B001 Do not use bare `except:`, it also catches unexpected events like memory errors, interrupts, system exit, and so on.  Prefer `except Exception:`.  If you're sure what you're doing, be explicit and write `except BaseException:`.
src/scannls/call.py:37:5: F401 'HTSeq' imported but unused
src/scannls/call.py:38:1: E722 do not use bare 'except'
src/scannls/call.py:38:1: B001 Do not use bare `except:`, it also catches unexpected events like memory errors, interrupts, system exit, and so on.  Prefer `except Exception:`.  If you're sure what you're doing, be explicit and write `except BaseException:`.
src/scannls/call.py:42:1: C901 'sv_scan' is too complex (89)
src/scannls/call.py:56:1: D205 1 blank line required between summary line and description
src/scannls/call.py:56:1: D415 First line should end with a period, question mark, or exclamation point
src/scannls/call.py:56:1: D403 First word of the first line should be properly capitalized
src/scannls/call.py:105:20: E713 test for membership should be 'not in'
src/scannls/call.py:114:6: N806 variable 'ID_count' in function should be lowercase
src/scannls/call.py:115:6: N806 variable 'INS_count' in function should be lowercase
src/scannls/call.py:136:53: E711 comparison to None should be 'if cond is not None:'
src/scannls/call.py:160:40: E713 test for membership should be 'not in'
src/scannls/call.py:171:33: F821 undefined name 'seed_ao_cutoff'
src/scannls/call.py:189:164: B950 line too long (163 > 80 characters)
src/scannls/call.py:229:13: E265 block comment should start with '# '
src/scannls/call.py:247:53: E711 comparison to None should be 'if cond is not None:'
src/scannls/call.py:259:41: F821 undefined name 'get_softclip_length'
src/scannls/call.py:267:91: B950 line too long (90 > 80 characters)
src/scannls/call.py:285:91: B950 line too long (90 > 80 characters)
src/scannls/call.py:299:36: F821 undefined name 'sv_checker'
src/scannls/call.py:302:61: F821 undefined name 'get_softclip_length'
src/scannls/call.py:329:119: B950 line too long (118 > 80 characters)
src/scannls/call.py:330:40: F821 undefined name 'is_bps_order_changed'
src/scannls/call.py:360:133: B950 line too long (132 > 80 characters)
src/scannls/call.py:399:40: E713 test for membership should be 'not in'
src/scannls/call.py:409:33: F821 undefined name 'seed_ao_cutoff'
src/scannls/call.py:416:37: F821 undefined name 'mismatch_count'
src/scannls/call.py:430:13: E265 block comment should start with '# '
src/scannls/call.py:438:21: F841 local variable 'dp_r' is assigned to but never used
src/scannls/call.py:448:53: E711 comparison to None should be 'if cond is not None:'
src/scannls/call.py:458:41: F821 undefined name 'get_softclip_length'
src/scannls/call.py:465:91: B950 line too long (90 > 80 characters)
src/scannls/call.py:483:91: B950 line too long (90 > 80 characters)
src/scannls/call.py:497:36: F821 undefined name 'sv_checker'
src/scannls/call.py:500:61: F821 undefined name 'get_softclip_length'
src/scannls/call.py:527:40: F821 undefined name 'is_bps_order_changed'
src/scannls/call.py:595:40: E713 test for membership should be 'not in'
src/scannls/call.py:605:33: F821 undefined name 'seed_ao_cutoff'
src/scannls/call.py:610:37: F821 undefined name 'mismatch_count'
src/scannls/call.py:629:93: B950 line too long (92 > 80 characters)
src/scannls/call.py:687:29: F821 undefined name 'mode2string'
src/scannls/call.py:688:29: F821 undefined name 'mode2string'
src/scannls/call.py:691:202: B950 line too long (201 > 80 characters)
src/scannls/ScanNLS.py:4:1: D205 1 blank line required between summary line and description
src/scannls/ScanNLS.py:4:1: D212 Multi-line docstring summary should start at the first line
src/scannls/ScanNLS.py:4:1: D415 First line should end with a period, question mark, or exclamation point
src/scannls/ScanNLS.py:11:1: F401 'copy' imported but unused
src/scannls/ScanNLS.py:12:1: F401 'glob' imported but unused
src/scannls/ScanNLS.py:13:1: F401 'logging' imported but unused
src/scannls/ScanNLS.py:14:1: F401 'math' imported but unused
src/scannls/ScanNLS.py:16:1: F401 'random' imported but unused
src/scannls/ScanNLS.py:18:1: S404 Consider possible security implications associated with subprocess module.
src/scannls/ScanNLS.py:23:1: F401 'collections.OrderedDict' imported but unused
src/scannls/ScanNLS.py:24:1: F401 'typing.Iterable' imported but unused
src/scannls/ScanNLS.py:26:1: F401 'align.aligner' imported but unused
src/scannls/ScanNLS.py:27:1: F401 'Bio.SearchIO' imported but unused
src/scannls/ScanNLS.py:34:1: F401 '.classes.Path' imported but unused
src/scannls/ScanNLS.py:36:1: F401 '.common.remove' imported but unused
src/scannls/ScanNLS.py:37:1: F401 '.common.remove_files' imported but unused
src/scannls/ScanNLS.py:38:1: F401 '.common.status_message' imported but unused
src/scannls/ScanNLS.py:39:1: F401 '.externals.blat_mapq_calculator' imported but unused
src/scannls/ScanNLS.py:42:1: F401 '.externals.gfClient_query' imported but unused
src/scannls/ScanNLS.py:43:1: F401 '.externals.gfserver_tester' imported but unused
src/scannls/ScanNLS.py:44:1: F401 '.externals.psl2sam' imported but unused
src/scannls/ScanNLS.py:48:1: F401 '.utils.aggregate_candidates' imported but unused
src/scannls/ScanNLS.py:54:1: F401 '.utils.similar_hit' imported but unused
src/scannls/ScanNLS.py:56:1: F401 '.utils.test_is_connected' imported but unused
src/scannls/ScanNLS.py:61:1: E722 do not use bare 'except'
src/scannls/ScanNLS.py:61:1: B001 Do not use bare `except:`, it also catches unexpected events like memory errors, interrupts, system exit, and so on.  Prefer `except Exception:`.  If you're sure what you're doing, be explicit and write `except BaseException:`.
src/scannls/ScanNLS.py:64:5: F401 'numpy as np' imported but unused
src/scannls/ScanNLS.py:65:1: E722 do not use bare 'except'
src/scannls/ScanNLS.py:65:1: B001 Do not use bare `except:`, it also catches unexpected events like memory errors, interrupts, system exit, and so on.  Prefer `except Exception:`.  If you're sure what you're doing, be explicit and write `except BaseException:`.
src/scannls/ScanNLS.py:68:5: F401 'HTSeq' imported but unused
src/scannls/ScanNLS.py:69:1: E722 do not use bare 'except'
src/scannls/ScanNLS.py:69:1: B001 Do not use bare `except:`, it also catches unexpected events like memory errors, interrupts, system exit, and so on.  Prefer `except Exception:`.  If you're sure what you're doing, be explicit and write `except BaseException:`.
src/scannls/ScanNLS.py:72:5: F401 'skbio' imported but unused
src/scannls/ScanNLS.py:73:1: E722 do not use bare 'except'
src/scannls/ScanNLS.py:73:1: B001 Do not use bare `except:`, it also catches unexpected events like memory errors, interrupts, system exit, and so on.  Prefer `except Exception:`.  If you're sure what you're doing, be explicit and write `except BaseException:`.
src/scannls/ScanNLS.py:77:1: C901 'detect_read_read_connections_from_cigar' is too complex (13)
src/scannls/ScanNLS.py:78:1: D205 1 blank line required between summary line and description
src/scannls/ScanNLS.py:78:1: D212 Multi-line docstring summary should start at the first line
src/scannls/ScanNLS.py:78:1: D415 First line should end with a period, question mark, or exclamation point
src/scannls/ScanNLS.py:79:131: B950 line too long (130 > 80 characters)
src/scannls/ScanNLS.py:80:100: B950 line too long (99 > 80 characters)
src/scannls/ScanNLS.py:87:1: D205 1 blank line required between summary line and description
src/scannls/ScanNLS.py:87:1: D212 Multi-line docstring summary should start at the first line
src/scannls/ScanNLS.py:87:1: D415 First line should end with a period, question mark, or exclamation point
src/scannls/ScanNLS.py:88:135: B950 line too long (134 > 80 characters)
src/scannls/ScanNLS.py:103:1: D205 1 blank line required between summary line and description
src/scannls/ScanNLS.py:103:1: D415 First line should end with a period, question mark, or exclamation point
src/scannls/ScanNLS.py:103:1: D403 First word of the first line should be properly capitalized
src/scannls/ScanNLS.py:103:1: RST219 Inline substitution_reference start-string without end-string.
src/scannls/ScanNLS.py:103:1: RST219 Inline substitution_reference start-string without end-string.
src/scannls/ScanNLS.py:176:1: D205 1 blank line required between summary line and description
src/scannls/ScanNLS.py:176:1: D212 Multi-line docstring summary should start at the first line
src/scannls/ScanNLS.py:176:1: D415 First line should end with a period, question mark, or exclamation point
src/scannls/ScanNLS.py:182:106: B950 line too long (105 > 80 characters)
src/scannls/ScanNLS.py:183:109: B950 line too long (108 > 80 characters)
src/scannls/ScanNLS.py:184:127: B950 line too long (126 > 80 characters)
src/scannls/ScanNLS.py:187:1: RST206 Field list ends without a blank line; unexpected unindent.
src/scannls/ScanNLS.py:242:1: C901 'infer_sv_from_connected_reads' is too complex (64)
src/scannls/ScanNLS.py:253:143: B950 line too long (142 > 80 characters)
src/scannls/ScanNLS.py:255:1: D205 1 blank line required between summary line and description
src/scannls/ScanNLS.py:255:1: D212 Multi-line docstring summary should start at the first line
src/scannls/ScanNLS.py:255:1: D415 First line should end with a period, question mark, or exclamation point
src/scannls/ScanNLS.py:262:106: B950 line too long (105 > 80 characters)
src/scannls/ScanNLS.py:263:109: B950 line too long (108 > 80 characters)
src/scannls/ScanNLS.py:264:127: B950 line too long (126 > 80 characters)
src/scannls/ScanNLS.py:268:1: RST206 Field list ends without a blank line; unexpected unindent.
src/scannls/ScanNLS.py:279:137: B950 line too long (136 > 80 characters)
src/scannls/ScanNLS.py:288:1: D205 1 blank line required between summary line and description
src/scannls/ScanNLS.py:288:1: D212 Multi-line docstring summary should start at the first line
src/scannls/ScanNLS.py:288:1: D415 First line should end with a period, question mark, or exclamation point
src/scannls/ScanNLS.py:291:1: RST206 Field list ends without a blank line; unexpected unindent.
src/scannls/ScanNLS.py:309:25: F841 local variable 'lt_start' is assigned to but never used
src/scannls/ScanNLS.py:309:35: F841 local variable 'lt_end' is assigned to but never used
src/scannls/ScanNLS.py:309:43: F841 local variable 'lt_cigartuples' is assigned to but never used
src/scannls/ScanNLS.py:309:59: F841 local variable 'lt_cigarstring' is assigned to but never used
src/scannls/ScanNLS.py:317:43: F841 local variable 'rt_cigartuples' is assigned to but never used
src/scannls/ScanNLS.py:317:59: F841 local variable 'rt_cigarstring' is assigned to but never used
src/scannls/ScanNLS.py:433:22: N806 variable 'is_DUP' in function should be lowercase
src/scannls/ScanNLS.py:442:26: N806 variable 'is_DUP' in function should be lowercase
src/scannls/ScanNLS.py:444:26: N806 variable 'is_DUP' in function should be lowercase
src/scannls/ScanNLS.py:642:22: N806 variable 'is_DUP' in function should be lowercase
src/scannls/ScanNLS.py:652:26: N806 variable 'is_DUP' in function should be lowercase
src/scannls/ScanNLS.py:654:26: N806 variable 'is_DUP' in function should be lowercase
src/scannls/ScanNLS.py:778:125: B950 line too long (124 > 80 characters)
src/scannls/ScanNLS.py:871:125: B950 line too long (124 > 80 characters)
src/scannls/ScanNLS.py:1235:1: C901 'softclipping_realignment' is too complex (37)
src/scannls/ScanNLS.py:1235:1: D103 Missing docstring in public function
src/scannls/ScanNLS.py:1246:1: S108 Probable insecure usage of temp file/directory.
src/scannls/ScanNLS.py:1255:5: F841 local variable 'candidate_regions' is assigned to but never used
src/scannls/ScanNLS.py:1264:12: F821 undefined name 'FastaNotFoundError'
src/scannls/ScanNLS.py:1273:5: E266 too many leading '#' for block comment
src/scannls/ScanNLS.py:1277:6: N806 variable 'pat_left_H' in function should be lowercase
src/scannls/ScanNLS.py:1278:6: N806 variable 'pat_right_H' in function should be lowercase
src/scannls/ScanNLS.py:1286:22: N806 variable 'l_H_len' in function should be lowercase
src/scannls/ScanNLS.py:1288:22: N806 variable 'l_H_len' in function should be lowercase
src/scannls/ScanNLS.py:1290:22: N806 variable 'r_H_len' in function should be lowercase
src/scannls/ScanNLS.py:1292:22: N806 variable 'r_H_len' in function should be lowercase
src/scannls/ScanNLS.py:1305:5: E266 too many leading '#' for block comment
src/scannls/ScanNLS.py:1306:6: N806 variable 'pat_left_S' in function should be lowercase
src/scannls/ScanNLS.py:1307:6: N806 variable 'pat_right_S' in function should be lowercase
src/scannls/ScanNLS.py:1323:110: B950 line too long (109 > 80 characters)
src/scannls/ScanNLS.py:1336:30: N806 variable 'l_S_len' in function should be lowercase
src/scannls/ScanNLS.py:1338:30: N806 variable 'l_S_len' in function should be lowercase
src/scannls/ScanNLS.py:1340:30: N806 variable 'r_S_len' in function should be lowercase
src/scannls/ScanNLS.py:1342:30: N806 variable 'r_S_len' in function should be lowercase
src/scannls/ScanNLS.py:1348:102: B950 line too long (101 > 80 characters)
src/scannls/ScanNLS.py:1369:91: B950 line too long (90 > 80 characters)
src/scannls/ScanNLS.py:1372:122: B950 line too long (121 > 80 characters)
src/scannls/ScanNLS.py:1381:54: F821 undefined name 'get_softclip_length'
src/scannls/ScanNLS.py:1382:25: F841 local variable 'soft_seq' is assigned to but never used
src/scannls/ScanNLS.py:1384:48: F821 undefined name '__soft_seq'
src/scannls/ScanNLS.py:1386:48: F821 undefined name '__soft_seq'
src/scannls/ScanNLS.py:1406:154: B950 line too long (153 > 80 characters)
src/scannls/ScanNLS.py:1408:102: B950 line too long (101 > 80 characters)
src/scannls/ScanNLS.py:1434:173: B950 line too long (172 > 80 characters)
src/scannls/ScanNLS.py:1437:133: B950 line too long (132 > 80 characters)
src/scannls/ScanNLS.py:1440:133: B950 line too long (132 > 80 characters)
src/scannls/ScanNLS.py:1444:145: B950 line too long (144 > 80 characters)
src/scannls/ScanNLS.py:1446:143: B950 line too long (142 > 80 characters)
src/scannls/ScanNLS.py:1449:117: B950 line too long (116 > 80 characters)
src/scannls/ScanNLS.py:1452:117: B950 line too long (116 > 80 characters)
src/scannls/ScanNLS.py:1473:1: S602 subprocess call with shell=True identified, security issue.
src/scannls/ScanNLS.py:1480:1: D103 Missing docstring in public function
src/scannls/ScanNLS.py:1482:116: B950 line too long (115 > 80 characters)
src/scannls/ScanNLS.py:1484:106: B950 line too long (105 > 80 characters)
src/scannls/ScanNLS.py:1495:108: B950 line too long (107 > 80 characters)
src/scannls/ScanNLS.py:1497:106: B950 line too long (105 > 80 characters)
src/scannls/ScanNLS.py:1584:101: B950 line too long (100 > 80 characters)
src/scannls/ScanNLS.py:1600:118: B950 line too long (117 > 80 characters)
src/scannls/ScanNLS.py:1617:1: S108 Probable insecure usage of temp file/directory.
src/scannls/ScanNLS.py:1623:102: B950 line too long (101 > 80 characters)
src/scannls/ScanNLS.py:1625:106: B950 line too long (105 > 80 characters)
src/scannls/ScanNLS.py:1651:107: B950 line too long (106 > 80 characters)
src/scannls/ScanNLS.py:1704:90: B950 line too long (89 > 80 characters)
src/scannls/ScanNLS.py:1713:97: B950 line too long (96 > 80 characters)
src/scannls/ScanNLS.py:1731:5: F841 local variable 'infer_parser' is assigned to but never used
src/scannls/ScanNLS.py:1734:102: B950 line too long (101 > 80 characters)
src/scannls/ScanNLS.py:1736:106: B950 line too long (105 > 80 characters)
src/scannls/ScanNLS.py:1743:1: D103 Missing docstring in public function
src/scannls/ScanNLS.py:1808:9: F841 local variable 'event_dict' is assigned to but never used
src/scannls/ScanNLS.py:1838:28: F821 undefined name 'options'
src/scannls/ScanNLS.py:1838:53: F821 undefined name 'options'
src/scannls/common.py:1:1: D100 Missing docstring in public module
src/scannls/common.py:3:1: F401 'argparse' imported but unused
src/scannls/common.py:4:1: F401 'copy' imported but unused
src/scannls/common.py:6:1: F401 'logging' imported but unused
src/scannls/common.py:7:1: F401 'math' imported but unused
src/scannls/common.py:9:1: F401 'random' imported but unused
src/scannls/common.py:10:1: F401 're' imported but unused
src/scannls/common.py:11:1: S404 Consider possible security implications associated with subprocess module.
src/scannls/common.py:13:1: F401 'time' imported but unused
src/scannls/common.py:14:1: F401 'collections.defaultdict' imported but unused
src/scannls/common.py:15:1: F401 'collections.OrderedDict' imported but unused
src/scannls/common.py:16:1: F401 'typing.Iterable' imported but unused
src/scannls/common.py:18:1: F401 'psutil' imported but unused
src/scannls/common.py:19:1: F401 'align.aligner' imported but unused
src/scannls/common.py:20:1: F401 'Bio.SearchIO' imported but unused
src/scannls/common.py:21:1: F401 'Bio.Seq.Seq' imported but unused
src/scannls/common.py:22:1: F401 'pyfaidx.Fasta' imported but unused
src/scannls/common.py:26:5: F401 'pysam' imported but unused
src/scannls/common.py:27:1: E722 do not use bare 'except'
src/scannls/common.py:27:1: B001 Do not use bare `except:`, it also catches unexpected events like memory errors, interrupts, system exit, and so on.  Prefer `except Exception:`.  If you're sure what you're doing, be explicit and write `except BaseException:`.
src/scannls/common.py:30:5: F401 'numpy as np' imported but unused
src/scannls/common.py:31:1: E722 do not use bare 'except'
src/scannls/common.py:31:1: B001 Do not use bare `except:`, it also catches unexpected events like memory errors, interrupts, system exit, and so on.  Prefer `except Exception:`.  If you're sure what you're doing, be explicit and write `except BaseException:`.
src/scannls/common.py:34:5: F401 'HTSeq' imported but unused
src/scannls/common.py:35:1: E722 do not use bare 'except'
src/scannls/common.py:35:1: B001 Do not use bare `except:`, it also catches unexpected events like memory errors, interrupts, system exit, and so on.  Prefer `except Exception:`.  If you're sure what you're doing, be explicit and write `except BaseException:`.
src/scannls/common.py:39:1: D103 Missing docstring in public function
src/scannls/common.py:44:1: D103 Missing docstring in public function
src/scannls/common.py:49:1: D103 Missing docstring in public function
src/scannls/common.py:54:1: D103 Missing docstring in public function
src/scannls/common.py:64:1: S602 subprocess call with shell=True identified, security issue.
src/scannls/common.py:80:1: D205 1 blank line required between summary line and description
src/scannls/common.py:80:1: D415 First line should end with a period, question mark, or exclamation point
src/scannls/common.py:92:191: B950 line too long (190 > 80 characters)
src/scannls/utils.py:1:1: D100 Missing docstring in public module
src/scannls/utils.py:3:1: F401 'argparse' imported but unused
src/scannls/utils.py:5:1: F401 'glob' imported but unused
src/scannls/utils.py:6:1: F401 'logging' imported but unused
src/scannls/utils.py:7:1: F401 'math' imported but unused
src/scannls/utils.py:8:1: F401 'os' imported but unused
src/scannls/utils.py:9:1: F401 'random' imported but unused
src/scannls/utils.py:11:1: F401 'subprocess' imported but unused
src/scannls/utils.py:11:1: S404 Consider possible security implications associated with subprocess module.
src/scannls/utils.py:13:1: F401 'time' imported but unused
src/scannls/utils.py:15:1: F401 'collections.OrderedDict' imported but unused
src/scannls/utils.py:16:1: F401 'typing.Iterable' imported but unused
src/scannls/utils.py:18:1: F401 'psutil' imported but unused
src/scannls/utils.py:20:1: F401 'Bio.SearchIO' imported but unused
src/scannls/utils.py:21:1: F401 'Bio.Seq.Seq' imported but unused
src/scannls/utils.py:22:1: F401 'pyfaidx.Fasta' imported but unused
src/scannls/utils.py:28:5: F401 'pysam' imported but unused
src/scannls/utils.py:29:1: E722 do not use bare 'except'
src/scannls/utils.py:29:1: B001 Do not use bare `except:`, it also catches unexpected events like memory errors, interrupts, system exit, and so on.  Prefer `except Exception:`.  If you're sure what you're doing, be explicit and write `except BaseException:`.
src/scannls/utils.py:32:5: F401 'numpy as np' imported but unused
src/scannls/utils.py:33:1: E722 do not use bare 'except'
src/scannls/utils.py:33:1: B001 Do not use bare `except:`, it also catches unexpected events like memory errors, interrupts, system exit, and so on.  Prefer `except Exception:`.  If you're sure what you're doing, be explicit and write `except BaseException:`.
src/scannls/utils.py:37:1: E722 do not use bare 'except'
src/scannls/utils.py:37:1: B001 Do not use bare `except:`, it also catches unexpected events like memory errors, interrupts, system exit, and so on.  Prefer `except Exception:`.  If you're sure what you're doing, be explicit and write `except BaseException:`.
src/scannls/utils.py:41:1: C901 'extract_splice_sites' is too complex (15)
src/scannls/utils.py:41:1: D103 Missing docstring in public function
src/scannls/utils.py:63:137: B950 line too long (136 > 80 characters)
src/scannls/utils.py:66:10: N806 variable 'exonList' in function should be lowercase
src/scannls/utils.py:225:1: D103 Missing docstring in public function
src/scannls/utils.py:229:10: N806 variable 'posInA' in function should be lowercase
src/scannls/utils.py:237:1: D415 First line should end with a period, question mark, or exclamation point
src/scannls/utils.py:237:1: D403 First word of the first line should be properly capitalized
src/scannls/utils.py:262:1: C901 'splicing_confirmation' is too complex (23)
src/scannls/utils.py:274:1: D201 No blank lines allowed before function docstring
src/scannls/utils.py:274:1: D205 1 blank line required between summary line and description
src/scannls/utils.py:274:1: D415 First line should end with a period, question mark, or exclamation point
src/scannls/utils.py:277:115: B950 line too long (114 > 80 characters)
src/scannls/utils.py:278:116: B950 line too long (115 > 80 characters)
src/scannls/utils.py:279:116: B950 line too long (115 > 80 characters)
src/scannls/utils.py:280:121: B950 line too long (120 > 80 characters)
src/scannls/utils.py:358:1: C901 'update_breakpoints' is too complex (30)
src/scannls/utils.py:370:1: D205 1 blank line required between summary line and description
src/scannls/utils.py:370:1: D212 Multi-line docstring summary should start at the first line
src/scannls/utils.py:370:1: D415 First line should end with a period, question mark, or exclamation point
src/scannls/utils.py:370:1: D403 First word of the first line should be properly capitalized
src/scannls/utils.py:375:5: F841 local variable 'tgt_motifs' is assigned to but never used
src/scannls/utils.py:438:103: B950 line too long (102 > 80 characters)
src/scannls/utils.py:448:122: B950 line too long (121 > 80 characters)
src/scannls/utils.py:466:103: B950 line too long (102 > 80 characters)
src/scannls/utils.py:483:122: B950 line too long (121 > 80 characters)
src/scannls/utils.py:494:139: B950 line too long (138 > 80 characters)
src/scannls/utils.py:523:15: E712 comparison to True should be 'if cond is True:' or 'if cond:'
src/scannls/utils.py:544:1: D415 First line should end with a period, question mark, or exclamation point
src/scannls/utils.py:598:1: D205 1 blank line required between summary line and description
src/scannls/utils.py:598:1: D415 First line should end with a period, question mark, or exclamation point
src/scannls/utils.py:598:1: D403 First word of the first line should be properly capitalized
src/scannls/utils.py:627:1: D200 One-line docstring should fit on one line with quotes
src/scannls/utils.py:627:1: D212 Multi-line docstring summary should start at the first line
src/scannls/utils.py:627:1: D415 First line should end with a period, question mark, or exclamation point
src/scannls/utils.py:646:1: D415 First line should end with a period, question mark, or exclamation point
src/scannls/utils.py:646:1: D403 First word of the first line should be properly capitalized
src/scannls/utils.py:653:1: C901 'detect_fusion_from_cigar' is too complex (18)
src/scannls/utils.py:664:1: D200 One-line docstring should fit on one line with quotes
src/scannls/utils.py:664:1: D212 Multi-line docstring summary should start at the first line
src/scannls/utils.py:664:1: D415 First line should end with a period, question mark, or exclamation point
src/scannls/utils.py:680:8: E713 test for membership should be 'not in'
src/scannls/utils.py:733:17: F841 local variable '_can' is assigned to but never used
src/scannls/utils.py:760:6: N802 function name 'short_TDUP_or_not' should be lowercase
src/scannls/utils.py:763:1: D205 1 blank line required between summary line and description
src/scannls/utils.py:763:1: D415 First line should end with a period, question mark, or exclamation point
src/scannls/utils.py:763:1: D403 First word of the first line should be properly capitalized
src/scannls/utils.py:763:104: B950 line too long (103 > 80 characters)
src/scannls/utils.py:764:121: B950 line too long (120 > 80 characters)
src/scannls/utils.py:789:5: F841 local variable 'search_seq_len' is assigned to but never used
src/scannls/utils.py:790:5: F841 local variable 'target_seq_len' is assigned to but never used
src/scannls/utils.py:792:5: F841 local variable 'target_start' is assigned to but never used
src/scannls/utils.py:792:19: F841 local variable 'target_end' is assigned to but never used
src/scannls/utils.py:802:1: D205 1 blank line required between summary line and description
src/scannls/utils.py:803:135: B950 line too long (134 > 80 characters)
src/scannls/utils.py:805:135: B950 line too long (134 > 80 characters)
src/scannls/utils.py:875:1: C901 'chimeric_aln_order_finder' is too complex (58)
src/scannls/utils.py:876:1: D205 1 blank line required between summary line and description
src/scannls/utils.py:876:1: D212 Multi-line docstring summary should start at the first line
src/scannls/utils.py:876:1: D415 First line should end with a period, question mark, or exclamation point
src/scannls/utils.py:879:105: B950 line too long (104 > 80 characters)
src/scannls/utils.py:880:1: RST206 Field list ends without a blank line; unexpected unindent.
src/scannls/utils.py:892:1: D205 1 blank line required between summary line and description
src/scannls/utils.py:892:1: D212 Multi-line docstring summary should start at the first line
src/scannls/utils.py:892:1: D415 First line should end with a period, question mark, or exclamation point
src/scannls/utils.py:918:1: D205 1 blank line required between summary line and description
src/scannls/utils.py:918:1: D212 Multi-line docstring summary should start at the first line
src/scannls/utils.py:918:1: D415 First line should end with a period, question mark, or exclamation point
src/scannls/utils.py:923:90: B950 line too long (89 > 80 characters)
src/scannls/utils.py:924:1: RST206 Field list ends without a blank line; unexpected unindent.
src/scannls/utils.py:927:104: B950 line too long (103 > 80 characters)
src/scannls/utils.py:942:1: D205 1 blank line required between summary line and description
src/scannls/utils.py:942:1: D212 Multi-line docstring summary should start at the first line
src/scannls/utils.py:942:1: D415 First line should end with a period, question mark, or exclamation point
src/scannls/utils.py:1029:14: N806 variable 'tmpList' in function should be lowercase
src/scannls/utils.py:1041:14: N806 variable 'tmpList' in function should be lowercase
src/scannls/utils.py:1065:103: B950 line too long (102 > 80 characters)
src/scannls/utils.py:1070:123: B950 line too long (122 > 80 characters)
src/scannls/utils.py:1090:92: B950 line too long (91 > 80 characters)
src/scannls/utils.py:1119:103: B950 line too long (102 > 80 characters)
src/scannls/utils.py:1124:123: B950 line too long (122 > 80 characters)
src/scannls/utils.py:1143:92: B950 line too long (91 > 80 characters)
src/scannls/utils.py:1162:1: D205 1 blank line required between summary line and description
src/scannls/utils.py:1162:1: D212 Multi-line docstring summary should start at the first line
src/scannls/utils.py:1162:1: D415 First line should end with a period, question mark, or exclamation point
src/scannls/utils.py:1164:118: B950 line too long (117 > 80 characters)
src/scannls/utils.py:1172:1: RST206 Field list ends without a blank line; unexpected unindent.
src/scannls/utils.py:1172:1: RST399 Content block expected for the "note" directive; none found.
src/scannls/utils.py:1176:5: F841 local variable 'count' is assigned to but never used
src/scannls/utils.py:1189:164: B950 line too long (163 > 80 characters)
src/scannls/utils.py:1195:1: C901 'aggregate_candidates' is too complex (12)
src/scannls/utils.py:1195:1: D103 Missing docstring in public function
src/scannls/utils.py:1200:10: N806 variable 'L' in function should be lowercase
src/scannls/utils.py:1226:16: E713 test for membership should be 'not in'
src/scannls/utils.py:1231:1: D103 Missing docstring in public function
src/scannls/utils.py:1232:6: N806 variable 'A1' in function should be lowercase
src/scannls/utils.py:1232:6: N806 variable 'A2' in function should be lowercase
src/scannls/utils.py:1233:6: N806 variable 'B1' in function should be lowercase
src/scannls/utils.py:1233:6: N806 variable 'B2' in function should be lowercase
src/scannls/utils.py:1238:6: N806 variable 'chrm_A' in function should be lowercase
src/scannls/utils.py:1238:6: N806 variable 'pos_A' in function should be lowercase
src/scannls/utils.py:1239:6: N806 variable 'chrm_B' in function should be lowercase
src/scannls/utils.py:1239:6: N806 variable 'pos_B' in function should be lowercase
src/scannls/utils.py:1266:1: D202 No blank lines allowed after function docstring
src/scannls/utils.py:1266:1: D205 1 blank line required between summary line and description
src/scannls/utils.py:1266:1: D415 First line should end with a period, question mark, or exclamation point
src/scannls/utils.py:1266:1: D403 First word of the first line should be properly capitalized
src/scannls/utils.py:1322:93: B950 line too long (92 > 80 characters)
src/scannls/utils.py:1325:134: B950 line too long (133 > 80 characters)
src/scannls/utils.py:1328:98: B950 line too long (97 > 80 characters)
src/scannls/utils.py:1331:98: B950 line too long (97 > 80 characters)
src/scannls/utils.py:1334:140: B950 line too long (139 > 80 characters)
src/scannls/utils.py:1337:183: B950 line too long (182 > 80 characters)
src/scannls/utils.py:1340:109: B950 line too long (108 > 80 characters)
src/scannls/utils.py:1343:113: B950 line too long (112 > 80 characters)
src/scannls/utils.py:1346:119: B950 line too long (118 > 80 characters)
src/scannls/utils.py:1349:108: B950 line too long (107 > 80 characters)
src/scannls/utils.py:1352:102: B950 line too long (101 > 80 characters)
src/scannls/utils.py:1355:102: B950 line too long (101 > 80 characters)
src/scannls/utils.py:1364:105: B950 line too long (104 > 80 characters)
src/scannls/utils.py:1367:105: B950 line too long (104 > 80 characters)
src/scannls/utils.py:1370:100: B950 line too long (99 > 80 characters)
src/scannls/utils.py:1373:101: B950 line too long (100 > 80 characters)
src/scannls/utils.py:1383:1: D103 Missing docstring in public function
src/scannls/utils.py:1383:1: DAR101 Missing parameter(s) in Docstring: - mapq_cutoff
src/scannls/utils.py:1383:1: DAR101 Missing parameter(s) in Docstring: - read
src/scannls/utils.py:1383:1: DAR101 Missing parameter(s) in Docstring: - ref_site
src/scannls/utils.py:1383:1: DAR201 Missing "Returns" in Docstring: - return
src/scannls/utils.py:1383:1: DAR101 Missing parameter(s) in Docstring: - sv_len_cutoff
src/scannls/utils.py:1388:63: F821 undefined name 'multiple_sa_tag_selector'

Reorder python imports...................................................[42mPassed[m
Trim Trailing Whitespace.................................................[42mPassed[m
prettier.................................................................[42mPassed[m
